
  .   ____          _            __ _ _
 /\\ / ___'_ __ _ _(_)_ __  __ _ \ \ \ \
( ( )\___ | '_ | '_| | '_ \/ _` | \ \ \ \
 \\/  ___)| |_)| | | | | || (_| |  ) ) ) )
  '  |____| .__|_| |_|_| |_\__, | / / / /
 =========|_|==============|___/=/_/_/_/

 :: Spring Boot ::                (v4.0.6)

2026-07-09T18:55:41.200-05:00  INFO 7068 --- [backend] [  restartedMain] c.heladeria.backend.BackendApplication   : Starting BackendApplication using Java 21.0.8 with PID 7068 (C:\Users\USUARIO\Downloads\Heladeria_Conejito-main\Heladeria_Conejito-main\backend\backend\target\classes started by USUARIO in C:\Users\USUARIO\Downloads\Heladeria_Conejito-main\Heladeria_Conejito-main\backend\backend)
2026-07-09T18:55:41.202-05:00  INFO 7068 --- [backend] [  restartedMain] c.heladeria.backend.BackendApplication   : No active profile set, falling back to 1 default profile: "default"
2026-07-09T18:55:41.243-05:00  INFO 7068 --- [backend] [  restartedMain] .e.DevToolsPropertyDefaultsPostProcessor : Devtools property defaults active! Set 'spring.devtools.add-properties' to 'false' to disable
2026-07-09T18:55:41.243-05:00  INFO 7068 --- [backend] [  restartedMain] .e.DevToolsPropertyDefaultsPostProcessor : For additional web related logging consider setting the 'logging.level.web' property to 'DEBUG'
2026-07-09T18:55:41.757-05:00  INFO 7068 --- [backend] [  restartedMain] .s.d.r.c.RepositoryConfigurationDelegate : Bootstrapping Spring Data JPA repositories in DEFAULT mode.
2026-07-09T18:55:41.832-05:00  INFO 7068 --- [backend] [  restartedMain] .s.d.r.c.RepositoryConfigurationDelegate : Finished Spring Data repository scanning in 68 ms. Found 16 JPA repository interfaces.
2026-07-09T18:55:42.234-05:00  INFO 7068 --- [backend] [  restartedMain] o.s.boot.tomcat.TomcatWebServer          : Tomcat initialized with port 8080 (http)
2026-07-09T18:55:42.244-05:00  INFO 7068 --- [backend] [  restartedMain] o.apache.catalina.core.StandardService   : Starting service [Tomcat]
2026-07-09T18:55:42.245-05:00  INFO 7068 --- [backend] [  restartedMain] o.apache.catalina.core.StandardEngine    : Starting Servlet engine: [Apache Tomcat/11.0.21]
2026-07-09T18:55:42.276-05:00  INFO 7068 --- [backend] [  restartedMain] b.w.c.s.WebApplicationContextInitializer : Root WebApplicationContext: initialization completed in 1033 ms
2026-07-09T18:55:42.404-05:00  INFO 7068 --- [backend] [  restartedMain] org.hibernate.orm.jpa                    : HHH008540: Processing PersistenceUnitInfo [name: default]
2026-07-09T18:55:42.437-05:00  INFO 7068 --- [backend] [  restartedMain] org.hibernate.orm.core                   : HHH000001: Hibernate ORM core version 7.2.12.Final
2026-07-09T18:55:42.786-05:00  INFO 7068 --- [backend] [  restartedMain] o.s.o.j.p.SpringPersistenceUnitInfo      : No LoadTimeWeaver setup: ignoring JPA class transformer
2026-07-09T18:55:42.811-05:00  INFO 7068 --- [backend] [  restartedMain] com.zaxxer.hikari.HikariDataSource       : HikariPool-1 - Starting...
2026-07-09T18:55:42.951-05:00  INFO 7068 --- [backend] [  restartedMain] com.zaxxer.hikari.pool.HikariPool        : HikariPool-1 - Added connection org.postgresql.jdbc.PgConnection@21204513
2026-07-09T18:55:42.952-05:00  INFO 7068 --- [backend] [  restartedMain] com.zaxxer.hikari.HikariDataSource       : HikariPool-1 - Start completed.
2026-07-09T18:55:42.978-05:00  WARN 7068 --- [backend] [  restartedMain] org.hibernate.orm.deprecation            : HHH90000025: PostgreSQLDialect does not need to be specified explicitly using 'hibernate.dialect' (remove the property setting and it will be selected by default)
2026-07-09T18:55:42.997-05:00  INFO 7068 --- [backend] [  restartedMain] org.hibernate.orm.connections.pooling    : HHH10001005: Database info:
	Database JDBC URL [jdbc:postgresql://localhost:5432/heladeria_conejito]
	Database driver: PostgreSQL JDBC Driver
	Database dialect: PostgreSQLDialect
	Database version: 18.4
	Default catalog/schema: heladeria_conejito/public
	Autocommit mode: undefined/unknown
	Isolation level: READ_COMMITTED [default READ_COMMITTED]
	JDBC fetch size: none
	Pool: DataSourceConnectionProvider
	Minimum pool size: undefined/unknown
	Maximum pool size: undefined/unknown
2026-07-09T18:55:43.936-05:00  INFO 7068 --- [backend] [  restartedMain] org.hibernate.orm.core                   : HHH000489: No JTA platform available (set 'hibernate.transaction.jta.platform' to enable JTA platform integration)
2026-07-09T18:55:44.011-05:00  INFO 7068 --- [backend] [  restartedMain] j.LocalContainerEntityManagerFactoryBean : Initialized JPA EntityManagerFactory for persistence unit 'default'
2026-07-09T18:55:44.066-05:00  INFO 7068 --- [backend] [  restartedMain] o.s.d.j.r.query.QueryEnhancerFactories   : Hibernate is in classpath; If applicable, HQL parser will be used.
2026-07-09T18:55:44.960-05:00  WARN 7068 --- [backend] [  restartedMain] .s.a.UserDetailsServiceAutoConfiguration : 

Using generated security password: 780e0012-849f-407f-8f28-be4bd6b410e6

This generated password is for development use only. Your security configuration must be updated before running your application in production.

2026-07-09T18:55:44.966-05:00  INFO 7068 --- [backend] [  restartedMain] r$InitializeUserDetailsManagerConfigurer : Global AuthenticationManager configured with UserDetailsService bean with name inMemoryUserDetailsManager
2026-07-09T18:55:45.311-05:00  INFO 7068 --- [backend] [  restartedMain] o.s.boot.tomcat.TomcatWebServer          : Tomcat started on port 8080 (http) with context path '/'
2026-07-09T18:55:45.316-05:00  INFO 7068 --- [backend] [  restartedMain] c.heladeria.backend.BackendApplication   : Started BackendApplication in 4.414 seconds (process running for 4.777)
2026-07-09T18:55:49.226-05:00  INFO 7068 --- [backend] [nio-8080-exec-1] o.a.c.c.C.[Tomcat].[localhost].[/]       : Initializing Spring DispatcherServlet 'dispatcherServlet'
2026-07-09T18:55:49.226-05:00  INFO 7068 --- [backend] [nio-8080-exec-1] o.s.web.servlet.DispatcherServlet        : Initializing Servlet 'dispatcherServlet'
2026-07-09T18:55:49.227-05:00  INFO 7068 --- [backend] [nio-8080-exec-1] o.s.web.servlet.DispatcherServlet        : Completed initialization in 1 ms
